{"parent":{"v":{"type":"V2","v":"B"}},"v":{"type":"D","v":null}}
